{
	"version": "2.0",
	"name": "my.ui.lib.library-preload",
	"modules": {
		"my/ui/lib/comments.js": "/**\n * This file is only comments.\n */\n// More comments.\n",
		"my/ui/lib/library.js": "jQuery.sap.require(\"sap.ui.core.library\");\njQuery.sap.declare(\"my.ui.lib.library\");\n\nsap.ui.getCore().initLibrary({\n\tname : \"my.ui.lib\",\n\tversion: \"0.0.0\",\n\tdependencies : [\"sap.ui.core\"]\n});\n",
		"my/ui/lib/myJS.js": "/* Â© */\n'use strict';\n\n/**\n* This is a copyright comment\n*/\n\n/* (c) */\n\n/* released under */\n/* normal comment */\n/* license */\n\n\nconsole.log('myJS');\n\n/**\n * This is a little comment\n */\nfunction myFunction(longVariableName, longerVariableName) {\n\treturn longVariableName + longerVariableName;\n}\n\n// Some ES6 Code\nlet foo = 'foo';\nlet obj = {\n\t[foo]: 'bar'\n};\n",
		"my/ui/lib/my.view.xml": "<my>XML</my>\n<!-- A comment in XML is the same as in HTML -->",
		"my/ui/lib/myHtmlPre.view.xml": "<my>XML</my>\n<!-- A comment in XML is the same as in HTML -->\n<html:pre>   </html:pre>",
		"my/ui/lib/foo.properties": "FOO=BAR\n"
	}
}